HOMOGENEOUS DIM DEGREE
2
8
(-t12-t11+22t10-49t9+20t8+53t7-59t6-3t5+24t4-7t2+1) / (1-t)^7
(t7+6t6-2t5-11t4+8t2+5t+1) / (1-t)^2
// dimension (proj.)  = 1
// degree (proj.)   = 8
SATURATED DIM DEGREE
2
8
(-3t7+11t6-11t5-5t4+15t3-7t2-t+1) / (1-t)^7
(3t2+4t+1) / (1-t)^2
// dimension (proj.)  = 1
// degree (proj.)   = 8
SATURATED GENERATORS
Sat[1]=x1+x2+x3+x4+x5+x6+x7
Sat[2]=x2*x5+(t+2)*x3*x5+(t)*x5^2+(t+2)*x3*x6+x4*x6+(t+2)*x5*x6+(t)*x6^2-x2*x7+(t+1)*x3*x7-x4*x7+(t+1)*x5*x7+(t+1)*x6*x7+(t-1)*x7^2
Sat[3]=2*x4^2+(t+2)*x4*x5+2*x5^2+(t+2)*x4*x7+(t+2)*x5*x7+2*x7^2
Sat[4]=x3*x4+(t+1)*x3*x5-x4*x5+(t-1)*x5^2+(t+2)*x3*x6+x4*x6+(t+1)*x5*x6+(t+1)*x3*x7-x4*x7+(t)*x5*x7+(t+1)*x6*x7+(t-1)*x7^2
Sat[5]=2*x2*x4+(2*t+4)*x3*x4+(2*t-4)*x3*x5+(-3*t-2)*x4*x5+(-2*t-8)*x5^2+(-t+2)*x2*x6+(4*t)*x3*x6+(2*t+4)*x4*x6+(2*t-2)*x5*x6+(-2*t)*x6^2+(-t+2)*x2*x7+(2*t-2)*x3*x7+(-3*t-2)*x4*x7+(-t-6)*x5*x7+(t-2)*x6*x7+(-4*t-8)*x7^2
Sat[6]=2*x3^2+(t-1)*x2*x5+(-2*t-4)*x3*x5+(-2*t)*x5^2+(-2*t-4)*x3*x6+(t-1)*x4*x6+(-2*t-4)*x5*x6+(-2*t)*x6^2+(-t+1)*x2*x7+(-3*t-3)*x3*x7+(-t+1)*x4*x7+(-3*t-3)*x5*x7+(-3*t-3)*x6*x7+(-3*t+1)*x7^2
Sat[7]=4*x2*x3+(4*t+8)*x3^2+(-3*t-5)*x2*x5+(-12*t+4)*x3*x5+(-2*t+14)*x5^2-4*x2*x6+(-12*t)*x3*x6+(-3*t-9)*x4*x6+(-12*t)*x5*x6+(2*t+10)*x6^2+(3*t+5)*x2*x7+(-9*t+9)*x3*x7+(3*t+9)*x4*x7+(-9*t+9)*x5*x7+(-9*t+5)*x6*x7+(5*t+19)*x7^2
Sat[8]=2*x2^2+(2*t+4)*x2*x3+(20*t+4)*x2*x5+(24*t-32)*x3*x5+(-18*t-36)*x5^2+(-t-2)*x2*x6+(22*t-36)*x3*x6+(18*t)*x4*x6+(22*t-36)*x5*x6+(-18*t-42)*x6^2+(-19*t-2)*x2*x7+(4*t-36)*x3*x7+(-18*t)*x4*x7+(4*t-36)*x5*x7+(3*t-38)*x6*x7+(-36*t-42)*x7^2
Sat[9]=44*x5^3+(-20*t-12)*x2*x3*x6+(-14*t-4)*x3^2*x6+(-7*t-13)*x2*x4*x6+(-6*t-8)*x3*x4*x6+(-36*t-26)*x2*x5*x6+(-38*t-36)*x3*x5*x6+(-20*t-34)*x4*x5*x6+(-24*t-32)*x5^2*x6+(-6*t+14)*x2*x6^2+(-2*t+12)*x3*x6^2+(-25*t-15)*x5*x6^2+(7*t+13)*x2^2*x7+(-7*t+9)*x2*x3*x7+(-8*t+4)*x3^2*x7+(7*t+13)*x2*x4*x7+(6*t+8)*x3*x4*x7+(-9*t+21)*x2*x5*x7+(-12*t+6)*x3*x5*x7+(20*t+34)*x4*x5*x7+(-4*t+2)*x5^2*x7+(-13*t+1)*x2*x6*x7+(-8*t+4)*x3*x6*x7+(-20*t-12)*x5*x6*x7+(t+27)*x2*x7^2+(4*t+20)*x3*x7^2+(-5*t+19)*x5*x7^2
Sat[10]=22*x4*x5^2+(-22*t-22)*x5^3+(8*t-4)*x2*x3*x6+(5*t+3)*x2*x4*x6+(-8*t+4)*x3*x4*x6+(-5*t-3)*x4^2*x6+(18*t+2)*x2*x5*x6+(16*t-8)*x3*x5*x6+(10*t+6)*x4*x5*x6+(13*t-1)*x5^2*x6+(-2*t-10)*x2*x6^2+(2*t+10)*x4*x6^2+(13*t-1)*x5*x6^2+(-5*t-3)*x2^2*x7+(3*t-7)*x2*x3*x7+(-3*t+7)*x3*x4*x7+(5*t+3)*x4^2*x7+(3*t-7)*x2*x5*x7+(3*t-7)*x3*x5*x7+(-15*t+13)*x4*x5*x7+(-4*t+2)*x5^2*x7+(3*t-7)*x2*x6*x7+(-3*t+7)*x4*x6*x7+(8*t-4)*x5*x6*x7+(-7*t-13)*x2*x7^2+(7*t+13)*x4*x7^2+(-15*t-9)*x5*x7^2
Sat[11]=8*x3*x5^2+(6*t-2)*x4*x5^2+(6*t+10)*x5^3+(4*t+4)*x3*x4*x6+(t+3)*x4^2*x6-4*x2*x5*x6+(-4*t+4)*x3*x5*x6+(-t+5)*x5^2*x6+(2*t-2)*x4*x6^2+(2*t-2)*x5*x6^2+(-t-3)*x2*x4*x7+(3*t+1)*x3*x4*x7+(-t-3)*x4^2*x7-4*x2*x5*x7+(-t+5)*x3*x5*x7+(7*t+1)*x4*x5*x7+(4*t+8)*x5^2*x7+(3*t+1)*x4*x6*x7+4*x5*x6*x7+(t-5)*x4*x7^2+(8*t+8)*x5*x7^2
SINGULAR CONE DIM
0
MINIMAL RESOLUTION BETTI
1,1,0,0,0,0,
0,7,15,11,3,0,
0,0,6,14,11,3 
