=== Poisson recursion for the Fano plane: 12 primes, 2 processes, Mon Sep 14 19:07:31 2026
-- H_1: edges [], deg phi = 1
   p=2147483647: ok, 3 extra checks, skipped [], 0.0s
   p=2147483629: ok, 3 extra checks, skipped [], 0.0s
   p=2147483587: ok, 3 extra checks, skipped [], 0.0s
   p=2147483579: ok, 3 extra checks, skipped [], 0.0s
   p=2147483563: ok, 3 extra checks, skipped [], 0.0s
   p=2147483549: ok, 3 extra checks, skipped [], 0.0s
   p=2147483543: ok, 3 extra checks, skipped [], 0.0s
   p=2147483497: ok, 3 extra checks, skipped [], 0.0s
   p=2147483489: ok, 3 extra checks, skipped [], 0.0s
   p=2147483477: ok, 3 extra checks, skipped [], 0.0s
   p=2147483423: ok, 3 extra checks, skipped [], 0.0s
   p=2147483399: ok, 3 extra checks, skipped [], 0.0s
   lift: max coefficient bits = 1 (modulus bits = 372); stable dropping 1 prime: True; dropping 2: True
-- H_2: edges [], deg phi = 4
   p=2147483647: ok, 3 extra checks, skipped [], 0.0s
   p=2147483629: ok, 3 extra checks, skipped [], 0.0s
   p=2147483587: ok, 3 extra checks, skipped [], 0.0s
   p=2147483579: ok, 3 extra checks, skipped [], 0.0s
   p=2147483563: ok, 3 extra checks, skipped [], 0.0s
   p=2147483549: ok, 3 extra checks, skipped [], 0.0s
   p=2147483543: ok, 3 extra checks, skipped [], 0.0s
   p=2147483497: ok, 3 extra checks, skipped [], 0.0s
   p=2147483489: ok, 3 extra checks, skipped [], 0.0s
   p=2147483477: ok, 3 extra checks, skipped [], 0.0s
   p=2147483423: ok, 3 extra checks, skipped [], 0.0s
   p=2147483399: ok, 3 extra checks, skipped [], 0.0s
   lift: max coefficient bits = 1 (modulus bits = 372); stable dropping 1 prime: True; dropping 2: True
-- H_3: edges [], deg phi = 12
   p=2147483647: ok, 3 extra checks, skipped [], 0.0s
   p=2147483629: ok, 3 extra checks, skipped [], 0.0s
   p=2147483587: ok, 3 extra checks, skipped [], 0.0s
   p=2147483579: ok, 3 extra checks, skipped [], 0.0s
   p=2147483563: ok, 3 extra checks, skipped [], 0.0s
   p=2147483549: ok, 3 extra checks, skipped [], 0.0s
   p=2147483543: ok, 3 extra checks, skipped [], 0.0s
   p=2147483497: ok, 3 extra checks, skipped [], 0.0s
   p=2147483489: ok, 3 extra checks, skipped [], 0.0s
   p=2147483477: ok, 3 extra checks, skipped [], 0.0s
   p=2147483423: ok, 3 extra checks, skipped [], 0.0s
   p=2147483399: ok, 3 extra checks, skipped [], 0.0s
   lift: max coefficient bits = 1 (modulus bits = 372); stable dropping 1 prime: True; dropping 2: True
-- H_4: edges [(1, 2, 4)], deg phi = 32
   p=2147483647: ok, 3 extra checks, skipped [], 0.0s
   p=2147483629: ok, 3 extra checks, skipped [], 0.0s
   p=2147483587: ok, 3 extra checks, skipped [], 0.0s
   p=2147483579: ok, 3 extra checks, skipped [], 0.0s
   p=2147483563: ok, 3 extra checks, skipped [], 0.0s
   p=2147483549: ok, 3 extra checks, skipped [], 0.0s
   p=2147483543: ok, 3 extra checks, skipped [], 0.0s
   p=2147483497: ok, 3 extra checks, skipped [], 0.0s
   p=2147483489: ok, 3 extra checks, skipped [], 0.0s
   p=2147483477: ok, 3 extra checks, skipped [], 0.0s
   p=2147483423: ok, 3 extra checks, skipped [], 0.0s
   p=2147483399: ok, 3 extra checks, skipped [], 0.0s
   lift: max coefficient bits = 5 (modulus bits = 372); stable dropping 1 prime: True; dropping 2: True
-- H_5: edges [(1, 2, 4), (2, 3, 5)], deg phi = 80
   p=2147483647: ok, 2 extra checks, skipped [1], 0.1s
   p=2147483629: ok, 2 extra checks, skipped [1], 0.1s
   p=2147483587: ok, 2 extra checks, skipped [1], 0.1s
   p=2147483579: ok, 2 extra checks, skipped [1], 0.1s
   p=2147483563: ok, 2 extra checks, skipped [1], 0.1s
   p=2147483549: ok, 2 extra checks, skipped [1], 0.1s
   p=2147483543: ok, 2 extra checks, skipped [1], 0.1s
   p=2147483497: ok, 2 extra checks, skipped [1], 0.1s
   p=2147483489: ok, 2 extra checks, skipped [1], 0.1s
   p=2147483477: ok, 2 extra checks, skipped [1], 0.1s
   p=2147483423: ok, 2 extra checks, skipped [1], 0.1s
   p=2147483399: ok, 2 extra checks, skipped [1], 0.1s
   lift: max coefficient bits = 19 (modulus bits = 372); stable dropping 1 prime: True; dropping 2: True
-- H_6: edges [(1, 2, 4), (2, 3, 5), (3, 4, 6), (1, 5, 6)], deg phi = 192
   p=2147483647: ok, 2 extra checks, skipped [1], 5.2s
   p=2147483629: ok, 2 extra checks, skipped [1], 5.2s
   p=2147483587: ok, 2 extra checks, skipped [1], 5.5s
   p=2147483579: ok, 2 extra checks, skipped [1], 5.2s
   p=2147483563: ok, 2 extra checks, skipped [1], 5.4s
   p=2147483549: ok, 2 extra checks, skipped [1], 5.1s
   p=2147483543: ok, 2 extra checks, skipped [1], 5.4s
   p=2147483497: ok, 2 extra checks, skipped [1], 5.3s
   p=2147483489: ok, 2 extra checks, skipped [1], 5.2s
   p=2147483477: ok, 2 extra checks, skipped [1], 5.2s
   p=2147483423: ok, 2 extra checks, skipped [1], 5.2s
   p=2147483399: ok, 2 extra checks, skipped [1], 5.2s
   lift: max coefficient bits = 65 (modulus bits = 372); stable dropping 1 prime: True; dropping 2: True
-- H_7: edges [(1, 2, 4), (2, 3, 5), (3, 4, 6), (4, 5, 7), (1, 5, 6), (2, 6, 7), (1, 3, 7)], deg phi = 448
   p=2147483647: ok, 1 extra checks, skipped [1, 2], 305.7s
   p=2147483629: ok, 1 extra checks, skipped [1, 2], 298.5s
   p=2147483587: ok, 1 extra checks, skipped [1, 2], 308.0s
   p=2147483579: ok, 1 extra checks, skipped [1, 2], 296.8s
   p=2147483563: ok, 1 extra checks, skipped [1, 2], 296.8s
   p=2147483549: ok, 1 extra checks, skipped [1, 2], 294.4s
   p=2147483543: ok, 1 extra checks, skipped [1, 2], 299.0s
   p=2147483497: ok, 1 extra checks, skipped [1, 2], 296.4s
   p=2147483489: ok, 1 extra checks, skipped [1, 2], 295.9s
   p=2147483477: ok, 1 extra checks, skipped [1, 2], 297.7s
   p=2147483423: ok, 1 extra checks, skipped [1, 2], 297.1s
   p=2147483399: ok, 1 extra checks, skipped [1, 2], 298.2s
   lift: max coefficient bits = 207 (modulus bits = 372); stable dropping 1 prime: True; dropping 2: True
=== finished Mon Sep 14 19:37:59 2026
codegree coefficients c_d (coefficient of lambda^(448-d)) for d = 0..16:
   c_0 = 1
   c_1 = 0
   c_2 = 0
   c_3 = -336
   c_4 = 0
   c_5 = 0
   c_6 = 55524
   c_7 = -696
   c_8 = 0
   c_9 = -6017746
   c_10 = 220038
   c_11 = 0
   c_12 = 481293561
   c_13 = -34237560
   c_14 = 120204
   c_15 = -30303162330
   c_16 = 3496131618
